
> web@0.1.0 build
> next build

Ôû▓ Next.js 16.1.2 (Turbopack)

node.exe : 
En C:\Program Files\nodejs\npm.ps1: 29 
Carácter: 3
+   & $NODE_EXE $NPM_CLI_JS $args
+   ~~~~~~~~~~~~~~~~~~~~~~~~~~~~~
    + CategoryInfo          : NotSpecified: (:S 
   tring) [], RemoteException
    + FullyQualifiedErrorId : NativeCommandErro 
   r
 
> Build error occurred
Error: Ambiguous app routes detected:

Ambiguous route pattern "/catalogo/[*]" matches 
multiple routes:
  - /catalogo/[categoria]
  - /catalogo/[marca]

These routes cannot be distinguished from each 
other when matching URLs. Please ensure that 
dynamic segments have unique patterns or use 
different static segments.
    at ignore-listed frames
